This is pdfTeX, Version 3.141592653-2.6-1.40.27 (TeX Live 2025/nixos.org) (preloaded format=pdflatex 1980.1.1)  27 AUG 2026 13:44
entering extended mode
 restricted \write18 enabled.
 file:line:error style messages enabled.
 %&-line parsing enabled.
**/home/rem/Dev/Lang/ibis_lang/paper/ibis_semantics.tex
(/home/rem/Dev/Lang/ibis_lang/paper/ibis_semantics.tex
LaTeX2e <2025-11-01>
L3 programming layer <2026-01-19>
(/nix/store/dwx0cnswr5fb44f1126kyrvkxrk5i99f-texlive-combined-full-2025-final-texmfdist/tex/latex/base/article.cls
Document Class: article 2025/01/22 v1.4n Standard LaTeX document class
(/nix/store/dwx0cnswr5fb44f1126kyrvkxrk5i99f-texlive-combined-full-2025-final-texmfdist/tex/latex/base/size11.clo
File: size11.clo 2025/01/22 v1.4n Standard LaTeX file (size option)
)
\c@part=\count275
\c@section=\count276
\c@subsection=\count277
\c@subsubsection=\count278
\c@paragraph=\count279
\c@subparagraph=\count280
\c@figure=\count281
\c@table=\count282
\abovecaptionskip=\skip49
\belowcaptionskip=\skip50
\bibindent=\dimen148
) (/nix/store/dwx0cnswr5fb44f1126kyrvkxrk5i99f-texlive-combined-full-2025-final-texmfdist/tex/latex/amsmath/amsmath.sty
Package: amsmath 2025/07/09 v2.17z AMS math features
\@mathmargin=\skip51

For additional information on amsmath, use the `?' option.
(/nix/store/dwx0cnswr5fb44f1126kyrvkxrk5i99f-texlive-combined-full-2025-final-texmfdist/tex/latex/amsmath/amstext.sty
Package: amstext 2024/11/17 v2.01 AMS text
 (/nix/store/dwx0cnswr5fb44f1126kyrvkxrk5i99f-texlive-combined-full-2025-final-texmfdist/tex/latex/amsmath/amsgen.sty
File: amsgen.sty 1999/11/30 v2.0 generic functions
\@emptytoks=\toks17
\ex@=\dimen149
)) (/nix/store/dwx0cnswr5fb44f1126kyrvkxrk5i99f-texlive-combined-full-2025-final-texmfdist/tex/latex/amsmath/amsbsy.sty
Package: amsbsy 1999/11/29 v1.2d Bold Symbols
\pmbraise@=\dimen150
) (/nix/store/dwx0cnswr5fb44f1126kyrvkxrk5i99f-texlive-combined-full-2025-final-texmfdist/tex/latex/amsmath/amsopn.sty
Package: amsopn 2022/04/08 v2.04 operator names
)
\inf@bad=\count283
LaTeX Info: Redefining \frac on input line 233.
\uproot@=\count284
\leftroot@=\count285
LaTeX Info: Redefining \overline on input line 398.
LaTeX Info: Redefining \colon on input line 409.
\classnum@=\count286
\DOTSCASE@=\count287
LaTeX Info: Redefining \ldots on input line 495.
LaTeX Info: Redefining \dots on input line 498.
LaTeX Info: Redefining \cdots on input line 619.
\Mathstrutbox@=\box53
\strutbox@=\box54
LaTeX Info: Redefining \big on input line 721.
LaTeX Info: Redefining \Big on input line 722.
LaTeX Info: Redefining \bigg on input line 723.
LaTeX Info: Redefining \Bigg on input line 724.
\big@size=\dimen151
LaTeX Font Info:    Redeclaring font encoding OML on input line 742.
LaTeX Font Info:    Redeclaring font encoding OMS on input line 743.
\macc@depth=\count288
LaTeX Info: Redefining \bmod on input line 904.
LaTeX Info: Redefining \pmod on input line 909.
LaTeX Info: Redefining \smash on input line 939.
LaTeX Info: Redefining \relbar on input line 969.
LaTeX Info: Redefining \Relbar on input line 970.
\c@MaxMatrixCols=\count289
\dotsspace@=\muskip17
\c@parentequation=\count290
\dspbrk@lvl=\count291
\tag@help=\toks18
\row@=\count292
\column@=\count293
\maxfields@=\count294
\andhelp@=\toks19
\eqnshift@=\dimen152
\alignsep@=\dimen153
\tagshift@=\dimen154
\tagwidth@=\dimen155
\totwidth@=\dimen156
\lineht@=\dimen157
\@envbody=\toks20
\multlinegap=\skip52
\multlinetaggap=\skip53
\mathdisplay@stack=\toks21
LaTeX Info: Redefining \[ on input line 2950.
LaTeX Info: Redefining \] on input line 2951.
) (/nix/store/dwx0cnswr5fb44f1126kyrvkxrk5i99f-texlive-combined-full-2025-final-texmfdist/tex/latex/amsfonts/amssymb.sty
Package: amssymb 2013/01/14 v3.01 AMS font symbols
 (/nix/store/dwx0cnswr5fb44f1126kyrvkxrk5i99f-texlive-combined-full-2025-final-texmfdist/tex/latex/amsfonts/amsfonts.sty
Package: amsfonts 2013/01/14 v3.01 Basic AMSFonts support
\symAMSa=\mathgroup4
\symAMSb=\mathgroup5
LaTeX Font Info:    Redeclaring math symbol \hbar on input line 98.
LaTeX Font Info:    Overwriting math alphabet `\mathfrak' in version `bold'
(Font)                  U/euf/m/n --> U/euf/b/n on input line 106.
)) (/nix/store/dwx0cnswr5fb44f1126kyrvkxrk5i99f-texlive-combined-full-2025-final-texmfdist/tex/latex/amscls/amsthm.sty
Package: amsthm 2020/05/29 v2.20.6
\thm@style=\toks22
\thm@bodyfont=\toks23
\thm@headfont=\toks24
\thm@notefont=\toks25
\thm@headpunct=\toks26
\thm@preskip=\skip54
\thm@postskip=\skip55
\thm@headsep=\skip56
\dth@everypar=\toks27
) (/nix/store/dwx0cnswr5fb44f1126kyrvkxrk5i99f-texlive-combined-full-2025-final-texmfdist/tex/latex/mathpartir/mathpartir.sty
Package: mathpartir 2016/02/24 version 1.3.2 Math Paragraph for Typesetting Inference Rules
 (/nix/store/dwx0cnswr5fb44f1126kyrvkxrk5i99f-texlive-combined-full-2025-final-texmfdist/tex/latex/graphics/keyval.sty
Package: keyval 2022/05/29 v1.15 key=value parser (DPC)
\KV@toks@=\toks28
)
\mpr@andskip=\skip57
\mpr@lista=\toks29
\mpr@listb=\toks30
\mpr@hlist=\box55
\mpr@vlist=\box56
\mpr@right=\box57
) (/nix/store/dwx0cnswr5fb44f1126kyrvkxrk5i99f-texlive-combined-full-2025-final-texmfdist/tex/latex/listingsutf8/listingsutf8.sty
Package: listingsutf8 2019-12-10 v1.5 Allow UTF-8 in listings input (HO)
 (/nix/store/dwx0cnswr5fb44f1126kyrvkxrk5i99f-texlive-combined-full-2025-final-texmfdist/tex/latex/listings/listings.sty
\lst@mode=\count295
\lst@gtempboxa=\box58
\lst@token=\toks31
\lst@length=\count296
\lst@currlwidth=\dimen158
\lst@column=\count297
\lst@pos=\count298
\lst@lostspace=\dimen159
\lst@width=\dimen160
\lst@newlines=\count299
\lst@lineno=\count300
\lst@maxwidth=\dimen161
 (/nix/store/dwx0cnswr5fb44f1126kyrvkxrk5i99f-texlive-combined-full-2025-final-texmfdist/tex/latex/listings/lstpatch.sty
File: lstpatch.sty 2025/11/14 1.11b (Carsten Heinz)
) (/nix/store/dwx0cnswr5fb44f1126kyrvkxrk5i99f-texlive-combined-full-2025-final-texmfdist/tex/latex/listings/lstmisc.sty
File: lstmisc.sty 2025/11/14 1.11b (Carsten Heinz)
\c@lstnumber=\count301
\lst@skipnumbers=\count302
\lst@framebox=\box59
) (/nix/store/dwx0cnswr5fb44f1126kyrvkxrk5i99f-texlive-combined-full-2025-final-texmfdist/tex/latex/listings/listings.cfg
File: listings.cfg 2025/11/14 1.11b listings configuration
))
Package: listings 2025/11/14 1.11b (Carsten Heinz)

==> First Aid for listings.sty no longer applied!
    Expected:
        2024/09/23 1.10c (Carsten Heinz)
    but found:
        2025/11/14 1.11b (Carsten Heinz)
    so I'm assuming it got fixed.
(/nix/store/dwx0cnswr5fb44f1126kyrvkxrk5i99f-texlive-combined-full-2025-final-texmfdist/tex/generic/pdftexcmds/pdftexcmds.sty
Package: pdftexcmds 2020-06-27 v0.33 Utility functions of pdfTeX for LuaTeX (HO)
 (/nix/store/dwx0cnswr5fb44f1126kyrvkxrk5i99f-texlive-combined-full-2025-final-texmfdist/tex/generic/infwarerr/infwarerr.sty
Package: infwarerr 2019/12/03 v1.5 Providing info/warning/error messages (HO)
) (/nix/store/dwx0cnswr5fb44f1126kyrvkxrk5i99f-texlive-combined-full-2025-final-texmfdist/tex/generic/iftex/iftex.sty
Package: iftex 2024/12/12 v1.0g TeX engine tests
) (/nix/store/dwx0cnswr5fb44f1126kyrvkxrk5i99f-texlive-combined-full-2025-final-texmfdist/tex/generic/ltxcmds/ltxcmds.sty
Package: ltxcmds 2023-12-04 v1.26 LaTeX kernel commands for general use (HO)
)
Package pdftexcmds Info: \pdf@primitive is available.
Package pdftexcmds Info: \pdf@ifprimitive is available.
Package pdftexcmds Info: \pdfdraftmode found.
) (/nix/store/dwx0cnswr5fb44f1126kyrvkxrk5i99f-texlive-combined-full-2025-final-texmfdist/tex/generic/stringenc/stringenc.sty
Package: stringenc 2019/11/29 v1.12 Convert strings between diff. encodings (HO)
 (/nix/store/dwx0cnswr5fb44f1126kyrvkxrk5i99f-texlive-combined-full-2025-final-texmfdist/tex/generic/pdfescape/pdfescape.sty
Package: pdfescape 2019/12/09 v1.15 Implements pdfTeX's escape features (HO)
))) (/nix/store/dwx0cnswr5fb44f1126kyrvkxrk5i99f-texlive-combined-full-2025-final-texmfdist/tex/latex/hyperref/hyperref.sty
Package: hyperref 2026-01-29 v7.01p Hypertext links for LaTeX
 (/nix/store/dwx0cnswr5fb44f1126kyrvkxrk5i99f-texlive-combined-full-2025-final-texmfdist/tex/latex/kvsetkeys/kvsetkeys.sty
Package: kvsetkeys 2022-10-05 v1.19 Key value parser (HO)
) (/nix/store/dwx0cnswr5fb44f1126kyrvkxrk5i99f-texlive-combined-full-2025-final-texmfdist/tex/generic/kvdefinekeys/kvdefinekeys.sty
Package: kvdefinekeys 2019-12-19 v1.6 Define keys (HO)
) (/nix/store/dwx0cnswr5fb44f1126kyrvkxrk5i99f-texlive-combined-full-2025-final-texmfdist/tex/latex/hycolor/hycolor.sty
Package: hycolor 2020-01-27 v1.10 Color options for hyperref/bookmark (HO)
) (/nix/store/dwx0cnswr5fb44f1126kyrvkxrk5i99f-texlive-combined-full-2025-final-texmfdist/tex/latex/hyperref/nameref.sty
Package: nameref 2026-01-29 v2.58 Cross-referencing by name of section
 (/nix/store/dwx0cnswr5fb44f1126kyrvkxrk5i99f-texlive-combined-full-2025-final-texmfdist/tex/latex/refcount/refcount.sty
Package: refcount 2019/12/15 v3.6 Data extraction from label references (HO)
) (/nix/store/dwx0cnswr5fb44f1126kyrvkxrk5i99f-texlive-combined-full-2025-final-texmfdist/tex/generic/gettitlestring/gettitlestring.sty
Package: gettitlestring 2019/12/15 v1.6 Cleanup title references (HO)
 (/nix/store/dwx0cnswr5fb44f1126kyrvkxrk5i99f-texlive-combined-full-2025-final-texmfdist/tex/latex/kvoptions/kvoptions.sty
Package: kvoptions 2022-06-15 v3.15 Key value format for package options (HO)
))
\c@section@level=\count303
) (/nix/store/dwx0cnswr5fb44f1126kyrvkxrk5i99f-texlive-combined-full-2025-final-texmfdist/tex/latex/etoolbox/etoolbox.sty
Package: etoolbox 2025/10/02 v2.5m e-TeX tools for LaTeX (JAW)
\etb@tempcnta=\count304
)
\@linkdim=\dimen162
\Hy@linkcounter=\count305
\Hy@pagecounter=\count306
 (/nix/store/dwx0cnswr5fb44f1126kyrvkxrk5i99f-texlive-combined-full-2025-final-texmfdist/tex/latex/hyperref/pd1enc.def
File: pd1enc.def 2026-01-29 v7.01p Hyperref: PDFDocEncoding definition (HO)
Now handling font encoding PD1 ...
... no UTF-8 mapping file for font encoding PD1
) (/nix/store/dwx0cnswr5fb44f1126kyrvkxrk5i99f-texlive-combined-full-2025-final-texmfdist/tex/generic/intcalc/intcalc.sty
Package: intcalc 2019/12/15 v1.3 Expandable calculations with integers (HO)
)
\Hy@SavedSpaceFactor=\count307
 (/nix/store/dwx0cnswr5fb44f1126kyrvkxrk5i99f-texlive-combined-full-2025-final-texmfdist/tex/latex/hyperref/puenc.def
File: puenc.def 2026-01-29 v7.01p Hyperref: PDF Unicode definition (HO)
Now handling font encoding PU ...
... no UTF-8 mapping file for font encoding PU
)
Package hyperref Info: Hyper figures OFF on input line 4201.
Package hyperref Info: Link nesting OFF on input line 4206.
Package hyperref Info: Hyper index ON on input line 4209.
Package hyperref Info: Plain pages OFF on input line 4216.
Package hyperref Info: Backreferencing OFF on input line 4221.
Package hyperref Info: Implicit mode ON; LaTeX internals redefined.
Package hyperref Info: Bookmarks ON on input line 4468.
\c@Hy@tempcnt=\count308
 (/nix/store/dwx0cnswr5fb44f1126kyrvkxrk5i99f-texlive-combined-full-2025-final-texmfdist/tex/latex/url/url.sty
\Urlmuskip=\muskip18
Package: url 2013/09/16  ver 3.4  Verb mode for urls, etc.
)
LaTeX Info: Redefining \url on input line 4807.
\XeTeXLinkMargin=\dimen163
 (/nix/store/dwx0cnswr5fb44f1126kyrvkxrk5i99f-texlive-combined-full-2025-final-texmfdist/tex/generic/bitset/bitset.sty
Package: bitset 2019/12/09 v1.3 Handle bit-vector datatype (HO)
 (/nix/store/dwx0cnswr5fb44f1126kyrvkxrk5i99f-texlive-combined-full-2025-final-texmfdist/tex/generic/bigintcalc/bigintcalc.sty
Package: bigintcalc 2019/12/15 v1.5 Expandable calculations on big integers (HO)
))
\Fld@menulength=\count309
\Field@Width=\dimen164
\Fld@charsize=\dimen165
Package hyperref Info: Hyper figures OFF on input line 6084.
Package hyperref Info: Link nesting OFF on input line 6089.
Package hyperref Info: Hyper index ON on input line 6092.
Package hyperref Info: backreferencing OFF on input line 6099.
Package hyperref Info: Link coloring OFF on input line 6104.
Package hyperref Info: Link coloring with OCG OFF on input line 6109.
Package hyperref Info: PDF/A mode OFF on input line 6114.
\Hy@abspage=\count310
\c@Item=\count311
\c@Hfootnote=\count312
)
Package hyperref Info: Driver (autodetected): hpdftex.
 (/nix/store/dwx0cnswr5fb44f1126kyrvkxrk5i99f-texlive-combined-full-2025-final-texmfdist/tex/latex/hyperref/hpdftex.def
File: hpdftex.def 2026-01-29 v7.01p Hyperref driver for pdfTeX
\Fld@listcount=\count313
\c@bookmark@seq@number=\count314
 (/nix/store/dwx0cnswr5fb44f1126kyrvkxrk5i99f-texlive-combined-full-2025-final-texmfdist/tex/latex/rerunfilecheck/rerunfilecheck.sty
Package: rerunfilecheck 2025-06-21 v1.11 Rerun checks for auxiliary files (HO)
 (/nix/store/dwx0cnswr5fb44f1126kyrvkxrk5i99f-texlive-combined-full-2025-final-texmfdist/tex/generic/uniquecounter/uniquecounter.sty
Package: uniquecounter 2019/12/15 v1.4 Provide unlimited unique counter (HO)
)
Package uniquecounter Info: New unique counter `rerunfilecheck' on input line 284.
)
\Hy@SectionHShift=\skip58
) (/nix/store/dwx0cnswr5fb44f1126kyrvkxrk5i99f-texlive-combined-full-2025-final-texmfdist/tex/latex/xcolor/xcolor.sty
Package: xcolor 2024/09/29 v3.02 LaTeX color extensions (UK)
 (/nix/store/dwx0cnswr5fb44f1126kyrvkxrk5i99f-texlive-combined-full-2025-final-texmfdist/tex/latex/graphics-cfg/color.cfg
File: color.cfg 2016/01/02 v1.6 sample color configuration
)
Package xcolor Info: Driver file: pdftex.def on input line 274.
 (/nix/store/dwx0cnswr5fb44f1126kyrvkxrk5i99f-texlive-combined-full-2025-final-texmfdist/tex/latex/graphics-def/pdftex.def
File: pdftex.def 2025/09/29 v1.2d Graphics/color driver for pdftex
) (/nix/store/dwx0cnswr5fb44f1126kyrvkxrk5i99f-texlive-combined-full-2025-final-texmfdist/tex/latex/graphics/mathcolor.ltx)
Package xcolor Info: Model `cmy' substituted by `cmy0' on input line 1349.
Package xcolor Info: Model `hsb' substituted by `rgb' on input line 1353.
Package xcolor Info: Model `RGB' extended on input line 1365.
Package xcolor Info: Model `HTML' substituted by `rgb' on input line 1367.
Package xcolor Info: Model `Hsb' substituted by `hsb' on input line 1368.
Package xcolor Info: Model `tHsb' substituted by `hsb' on input line 1369.
Package xcolor Info: Model `HSB' substituted by `hsb' on input line 1370.
Package xcolor Info: Model `Gray' substituted by `gray' on input line 1371.
Package xcolor Info: Model `wave' substituted by `hsb' on input line 1372.
)
\c@definition=\count315
 (/nix/store/dwx0cnswr5fb44f1126kyrvkxrk5i99f-texlive-combined-full-2025-final-texmfdist/tex/latex/l3backend/l3backend-pdftex.def
File: l3backend-pdftex.def 2025-10-09 L3 backend support: PDF output (pdfTeX)
\l__color_backend_stack_int=\count316
) (./ibis_semantics.aux)
\openout1 = `ibis_semantics.aux'.

LaTeX Font Info:    Checking defaults for OML/cmm/m/it on input line 48.
LaTeX Font Info:    ... okay on input line 48.
LaTeX Font Info:    Checking defaults for OMS/cmsy/m/n on input line 48.
LaTeX Font Info:    ... okay on input line 48.
LaTeX Font Info:    Checking defaults for OT1/cmr/m/n on input line 48.
LaTeX Font Info:    ... okay on input line 48.
LaTeX Font Info:    Checking defaults for T1/cmr/m/n on input line 48.
LaTeX Font Info:    ... okay on input line 48.
LaTeX Font Info:    Checking defaults for TS1/cmr/m/n on input line 48.
LaTeX Font Info:    ... okay on input line 48.
LaTeX Font Info:    Checking defaults for OMX/cmex/m/n on input line 48.
LaTeX Font Info:    ... okay on input line 48.
LaTeX Font Info:    Checking defaults for U/cmr/m/n on input line 48.
LaTeX Font Info:    ... okay on input line 48.
LaTeX Font Info:    Checking defaults for PD1/pdf/m/n on input line 48.
LaTeX Font Info:    ... okay on input line 48.
LaTeX Font Info:    Checking defaults for PU/pdf/m/n on input line 48.
LaTeX Font Info:    ... okay on input line 48.
\c@lstlisting=\count317
 (/nix/store/dwx0cnswr5fb44f1126kyrvkxrk5i99f-texlive-combined-full-2025-final-texmfdist/tex/latex/base/inputenc.sty
Package: inputenc 2024/02/08 v1.3d Input encoding file
\inpenc@prehook=\toks32
\inpenc@posthook=\toks33
)
Package hyperref Info: Link coloring OFF on input line 48.
 (./ibis_semantics.out) (./ibis_semantics.out)
\@outlinefile=\write3
\openout3 = `ibis_semantics.out'.

 (/nix/store/dwx0cnswr5fb44f1126kyrvkxrk5i99f-texlive-combined-full-2025-final-texmfdist/tex/context/base/mkii/supp-pdf.mkii
[Loading MPS to PDF converter (version 2006.09.02).]
\scratchcounter=\count318
\scratchdimen=\dimen166
\scratchbox=\box60
\nofMPsegments=\count319
\nofMParguments=\count320
\everyMPshowfont=\toks34
\MPscratchCnt=\count321
\MPscratchDim=\dimen167
\MPnumerator=\count322
\makeMPintoPDFobject=\count323
\everyMPtoPDFconversion=\toks35
)
LaTeX Font Info:    Trying to load font information for U+msa on input line 50.
 (/nix/store/dwx0cnswr5fb44f1126kyrvkxrk5i99f-texlive-combined-full-2025-final-texmfdist/tex/latex/amsfonts/umsa.fd
File: umsa.fd 2013/01/14 v3.01 AMS symbols A
)
LaTeX Font Info:    Trying to load font information for U+msb on input line 50.
 (/nix/store/dwx0cnswr5fb44f1126kyrvkxrk5i99f-texlive-combined-full-2025-final-texmfdist/tex/latex/amsfonts/umsb.fd
File: umsb.fd 2013/01/14 v3.01 AMS symbols B
) (./ibis_semantics.toc)
\tf@toc=\write4
\openout4 = `ibis_semantics.toc'.

 [1

{/nix/store/hx6735alslsg1ddajdwzf576bj5ldfly-texlive-combined-full-2025-final/share/texmf-var/fonts/map/pdftex/updmap/pdftex.map}]
Package hyperref Info: bookmark level for unknown lstlisting defaults to 0 on input line 69.
 [2] [3] [4{/nix/store/dwx0cnswr5fb44f1126kyrvkxrk5i99f-texlive-combined-full-2025-final-texmfdist/fonts/enc/dvips/cm-super/cm-super-ts1.enc}] [5] (./ibis_semantics.aux)
 ***********
LaTeX2e <2025-11-01>
L3 programming layer <2026-01-19>
 ***********
Package rerunfilecheck Info: File `ibis_semantics.out' has not changed.
(rerunfilecheck)             Checksum: BC455ED7BA51721E1A57376A2F05DDD0;1285.
 ) 
Here is how much of TeX's memory you used:
 11811 strings out of 467533
 181971 string characters out of 5392394
 618920 words of memory out of 5000000
 40554 multiletter control sequences out of 15000+600000
 639967 words of font info for 86 fonts, out of 8000000 for 9000
 1141 hyphenation exceptions out of 8191
 75i,14n,79p,586b,1213s stack positions out of 10000i,1000n,20000p,200000b,200000s
</nix/store/dwx0cnswr5fb44f1126kyrvkxrk5i99f-texlive-combined-full-2025-final-texmfdist/fonts/type1/public/amsfonts/cm/cmbx10.pfb></nix/store/dwx0cnswr5fb44f1126kyrvkxrk5i99f-texlive-combined-full-2025-final-texmfdist/fonts/type1/public/amsfonts/cm/cmbx12.pfb></nix/store/dwx0cnswr5fb44f1126kyrvkxrk5i99f-texlive-combined-full-2025-final-texmfdist/fonts/type1/public/amsfonts/cm/cmmi10.pfb></nix/store/dwx0cnswr5fb44f1126kyrvkxrk5i99f-texlive-combined-full-2025-final-texmfdist/fonts/type1/public/amsfonts/cm/cmmi8.pfb></nix/store/dwx0cnswr5fb44f1126kyrvkxrk5i99f-texlive-combined-full-2025-final-texmfdist/fonts/type1/public/amsfonts/cm/cmmi9.pfb></nix/store/dwx0cnswr5fb44f1126kyrvkxrk5i99f-texlive-combined-full-2025-final-texmfdist/fonts/type1/public/amsfonts/cm/cmr10.pfb></nix/store/dwx0cnswr5fb44f1126kyrvkxrk5i99f-texlive-combined-full-2025-final-texmfdist/fonts/type1/public/amsfonts/cm/cmr12.pfb></nix/store/dwx0cnswr5fb44f1126kyrvkxrk5i99f-texlive-combined-full-2025-final-texmfdist/fonts/type1/public/amsfonts/cm/cmr17.pfb></nix/store/dwx0cnswr5fb44f1126kyrvkxrk5i99f-texlive-combined-full-2025-final-texmfdist/fonts/type1/public/amsfonts/cm/cmr6.pfb></nix/store/dwx0cnswr5fb44f1126kyrvkxrk5i99f-texlive-combined-full-2025-final-texmfdist/fonts/type1/public/amsfonts/cm/cmr8.pfb></nix/store/dwx0cnswr5fb44f1126kyrvkxrk5i99f-texlive-combined-full-2025-final-texmfdist/fonts/type1/public/amsfonts/cm/cmsy10.pfb></nix/store/dwx0cnswr5fb44f1126kyrvkxrk5i99f-texlive-combined-full-2025-final-texmfdist/fonts/type1/public/amsfonts/cm/cmsy6.pfb></nix/store/dwx0cnswr5fb44f1126kyrvkxrk5i99f-texlive-combined-full-2025-final-texmfdist/fonts/type1/public/amsfonts/cm/cmsy8.pfb></nix/store/dwx0cnswr5fb44f1126kyrvkxrk5i99f-texlive-combined-full-2025-final-texmfdist/fonts/type1/public/amsfonts/cm/cmti10.pfb></nix/store/dwx0cnswr5fb44f1126kyrvkxrk5i99f-texlive-combined-full-2025-final-texmfdist/fonts/type1/public/amsfonts/cm/cmtt9.pfb></nix/store/dwx0cnswr5fb44f1126kyrvkxrk5i99f-texlive-combined-full-2025-final-texmfdist/fonts/type1/public/cm-super/sfrm1095.pfb>
Output written on ibis_semantics.pdf (5 pages, 206704 bytes).
PDF statistics:
 182 PDF objects out of 1000 (max. 8388607)
 141 compressed objects within 2 object streams
 34 named destinations out of 1000 (max. 500000)
 73 words of extra memory for PDF output out of 10000 (max. 10000000)

